Mat Object: 2 MPI processes
  type: mpiaij
row 0: (0, 1.29237) 
row 1: (1, 2.43652) 
