PetscFE Object: solution 1 MPI processes
  type: basic
  Basic Finite Element in 1 dimensions with 3 components
  PetscSpace Object: solution 1 MPI processes
    type: subspace
    Space in 1 variables with 3 components
    Subspace-to-space domain shift:

     0.
     -1.
    Subspace-to-space domain transform:

     1.
     0.
    Original space:
      PetscSpace Object: solution 1 MPI processes
        type: poly
        Space in 2 variables with 3 components
        Polynomial space of degree 1
  PetscDualSpace Object: solution 1 MPI processes
    type: lagrange
    Dual space of order 1 with 3 components
    Continuous Lagrange dual space
  PetscQuadrature Object: 1 MPI processes
    type: GaussTensor
    Quadrature on 2 points of order 3
