Mesh with 797 cells, shape condition numbers: min = 2., max = 7.04333, mean = 2.32903, stddev = 0.59479
