Graph Partitioner: 2 MPI Processes
  type: ptscotch
  edge cut: 0
  balance:  0
  using partitioning strategy QUALITY
  using load imbalance ratio 0.01
