Mesh with 7138 cells, shape condition numbers: min = 3.03738, max = 11.2622, mean = 6.06491, stddev = 2.38459
